12:55:14.025 [main] DEBUG test.UserTest - debugging.....
12:55:14.058 [main] INFO  test.UserTest - ***Creating_User***
12:55:17.579 [main] INFO  test.UserTest - ***User_Created***
12:55:17.591 [main] INFO  test.UserTest - ***Geting_User***
12:55:19.013 [main] INFO  test.UserTest - ***User_details***
12:55:19.022 [main] INFO  test.UserTest - ***Updating_User***
12:55:20.647 [main] INFO  test.UserTest - ***User_Updated_done***
12:55:20.654 [main] INFO  test.UserTest - ***Deleting_User***
12:55:22.169 [main] INFO  test.UserTest - ***User_Deleted***
13:01:29.546 [main] DEBUG test.UserTest - debugging.....
13:01:29.584 [main] INFO  test.UserTest - ***Creating_User***
13:01:33.018 [main] INFO  test.UserTest - ***User_Created***
13:01:33.045 [main] INFO  test.UserTest - ***Geting_User***
13:01:57.223 [main] INFO  test.UserTest - ***User_details***
13:01:57.230 [main] INFO  test.UserTest - ***Updating_User***
13:01:58.421 [main] INFO  test.UserTest - ***User_Updated_done***
13:01:58.427 [main] INFO  test.UserTest - ***Deleting_User***
13:02:00.326 [main] INFO  test.UserTest - ***User_Deleted***
13:05:30.833 [main] DEBUG test.UserTest - debugging.....
13:05:30.864 [main] INFO  test.UserTest - ***Creating_User***
13:05:34.425 [main] INFO  test.UserTest - ***User_Created***
13:05:34.447 [main] INFO  test.UserTest - ***Geting_User***
13:05:38.445 [main] INFO  test.UserTest - ***User_details***
13:05:38.453 [main] INFO  test.UserTest - ***Updating_User***
13:05:39.671 [main] INFO  test.UserTest - ***User_Updated_done***
13:05:39.679 [main] INFO  test.UserTest - ***Deleting_User***
13:05:41.903 [main] INFO  test.UserTest - ***User_Deleted***
13:16:03.547 [main] DEBUG test.UserTest - debugging.....
13:16:03.577 [main] INFO  test.UserTest - ***Creating_User***
13:16:07.573 [main] INFO  test.UserTest - ***User_Created***
13:16:07.582 [main] INFO  test.UserTest - ***Geting_User***
13:16:09.192 [main] INFO  test.UserTest - ***User_details***
13:16:09.194 [main] INFO  test.UserTest - ***Updating_User***
13:16:11.127 [main] INFO  test.UserTest - ***User_Updated_done***
13:16:11.132 [main] INFO  test.UserTest - ***Deleting_User***
13:16:12.677 [main] INFO  test.UserTest - ***User_Deleted***
10:30:06.890 [main] DEBUG test.UserTest - debugging.....
10:30:06.926 [main] INFO  test.UserTest - ***Creating_User***
10:30:10.866 [main] INFO  test.UserTest - ***User_Created***
10:30:10.873 [main] INFO  test.UserTest - ***Geting_User***
10:30:12.457 [main] INFO  test.UserTest - ***User_details***
10:30:12.465 [main] INFO  test.UserTest - ***Updating_User***
10:30:14.092 [main] INFO  test.UserTest - ***User_Updated_done***
10:30:14.099 [main] INFO  test.UserTest - ***Deleting_User***
10:30:15.631 [main] INFO  test.UserTest - ***User_Deleted***
12:20:42.507 [main] DEBUG test.UserTest - debugging.....
12:20:42.542 [main] INFO  test.UserTest - ***Creating_User***
12:20:43.922 [main] INFO  test.UserTest - ***Geting_User***
12:20:43.972 [main] INFO  test.UserTest - ***Updating_User***
12:20:44.001 [main] INFO  test.UserTest - ***Deleting_User***
12:21:38.063 [main] DEBUG test.UserTest - debugging.....
12:21:38.097 [main] INFO  test.UserTest - ***Creating_User***
12:21:39.660 [main] INFO  test.UserTest - ***Geting_User***
12:21:39.706 [main] INFO  test.UserTest - ***Updating_User***
12:21:39.732 [main] INFO  test.UserTest - ***Deleting_User***
12:22:49.875 [main] DEBUG test.UserTest - debugging.....
12:22:49.904 [main] INFO  test.UserTest - ***Creating_User***
12:22:51.523 [main] INFO  test.UserTest - ***Geting_User***
12:22:51.565 [main] INFO  test.UserTest - ***Updating_User***
12:22:51.599 [main] INFO  test.UserTest - ***Deleting_User***
15:28:16.692 [main] DEBUG test.UserTest - debugging.....
15:28:16.718 [main] INFO  test.UserTest - ***Creating_User***
15:28:20.570 [main] INFO  test.UserTest - ***User_Created***
15:28:20.589 [main] INFO  test.UserTest - ***Geting_User***
15:28:22.209 [main] INFO  test.UserTest - ***User_details***
15:28:22.214 [main] INFO  test.UserTest - ***Updating_User***
15:28:23.743 [main] INFO  test.UserTest - ***User_Updated_done***
15:28:23.746 [main] INFO  test.UserTest - ***Deleting_User***
15:28:25.278 [main] INFO  test.UserTest - ***User_Deleted***
16:02:07.662 [main] DEBUG test.UserTest - debugging.....
16:02:07.690 [main] INFO  test.UserTest - ***Creating_User***
16:02:11.570 [main] INFO  test.UserTest - ***User_Created***
16:02:11.591 [main] INFO  test.UserTest - ***Geting_User***
16:02:13.148 [main] INFO  test.UserTest - ***User_details***
16:02:13.156 [main] INFO  test.UserTest - ***Updating_User***
16:02:14.735 [main] INFO  test.UserTest - ***User_Updated_done***
16:02:14.742 [main] INFO  test.UserTest - ***Deleting_User***
16:02:16.684 [main] INFO  test.UserTest - ***User_Deleted***
22:56:40.881 [main] DEBUG test.UserTest - debugging.....
22:56:40.926 [main] INFO  test.UserTest - ***Creating_User***
22:56:44.664 [main] INFO  test.UserTest - ***User_Created***
22:56:44.670 [main] INFO  test.UserTest - ***Geting_User***
22:56:46.297 [main] INFO  test.UserTest - ***User_details***
22:56:46.303 [main] INFO  test.UserTest - ***Updating_User***
22:56:47.761 [main] INFO  test.UserTest - ***User_Updated_done***
22:56:47.767 [main] INFO  test.UserTest - ***Deleting_User***
22:56:50.078 [main] INFO  test.UserTest - ***User_Deleted***
